18:39:09 **** Incremental Build of configuration Debug for project BMS-Testing ****
make -j16 all 
arm-none-eabi-gcc "../Core/Src/main.c" -mcpu=cortex-m4 -std=gnu11 -g3 -DDEBUG -DUSE_HAL_DRIVER -DSTM32L412xx -c -I../Core/Inc -I../Drivers/STM32L4xx_HAL_Driver/Inc -I../Drivers/STM32L4xx_HAL_Driver/Inc/Legacy -I../Drivers/CMSIS/Device/ST/STM32L4xx/Include -I../Drivers/CMSIS/Include -O0 -ffunction-sections -fdata-sections -Wall -fstack-usage -fcyclomatic-complexity -MMD -MP -MF"Core/Src/main.d" -MT"Core/Src/main.o" --specs=nano.specs -mfpu=fpv4-sp-d16 -mfloat-abi=hard -mthumb -o "Core/Src/main.o"
arm-none-eabi-gcc -o "BMS-Testing.elf" @"objects.list"   -mcpu=cortex-m4 -T"C:\Farris' Files\School\Side Projects\Electric Scooter\custom-escooter\BMS PCB\Testing\STM32 Testing Ground\BMS-Testing\STM32L412K8TX_FLASH.ld" --specs=nosys.specs -Wl,-Map="BMS-Testing.map" -Wl,--gc-sections -static --specs=nano.specs -mfpu=fpv4-sp-d16 -mfloat-abi=hard -mthumb -Wl,--start-group -lc -lm -Wl,--end-group
Finished building target: BMS-Testing.elf
 
arm-none-eabi-size  BMS-Testing.elf 
arm-none-eabi-objdump -h -S BMS-Testing.elf  > "BMS-Testing.list"
   text	   data	    bss	    dec	    hex	filename
   3276	     20	   1572	   4868	   1304	BMS-Testing.elf
Finished building: default.size.stdout
 
Finished building: BMS-Testing.list
 

18:39:10 Build Finished. 0 errors, 0 warnings. (took 592ms)

