21:56:48 **** Incremental Build of configuration Debug for project Nucleo-Test-Ground-2 ****
make -j16 all 
arm-none-eabi-size  Nucleo-Test-Ground-2.elf 
   text	   data	    bss	    dec	    hex	filename
   9988	     20	   1668	  11676	   2d9c	Nucleo-Test-Ground-2.elf
Finished building: default.size.stdout
 
21:56:58 **** Incremental Build of configuration Debug for project Nucleo-Test-Ground-2 ****
make -j16 all 
arm-none-eabi-size  Nucleo-Test-Ground-2.elf 
   text	   data	    bss	    dec	    hex	filename
   9988	     20	   1668	  11676	   2d9c	Nucleo-Test-Ground-2.elf
Finished building: default.size.stdout
 
