19:35:29 **** Incremental Build of configuration Debug for project Nucleo-Test-Ground-2 ****
make -j16 all 
arm-none-eabi-gcc "../Core/Src/main.c" -mcpu=cortex-m4 -std=gnu11 -g3 -DDEBUG -DUSE_HAL_DRIVER -DSTM32L412xx -c -I../Core/Inc -I../Drivers/STM32L4xx_HAL_Driver/Inc -I../Drivers/STM32L4xx_HAL_Driver/Inc/Legacy -I../Drivers/CMSIS/Device/ST/STM32L4xx/Include -I../Drivers/CMSIS/Include -O0 -ffunction-sections -fdata-sections -Wall -fstack-usage -fcyclomatic-complexity -MMD -MP -MF"Core/Src/main.d" -MT"Core/Src/main.o" --specs=nano.specs -mfpu=fpv4-sp-d16 -mfloat-abi=hard -mthumb -o "Core/Src/main.o"
../Core/Src/main.c: In function 'main':
../Core/Src/main.c:91:13: warning: variable 'fetStatus' set but not used [-Wunused-but-set-variable]
   91 |     uint8_t fetStatus = 0;
      |             ^~~~~~~~~
../Core/Src/main.c:90:14: warning: variable 'currentRead' set but not used [-Wunused-but-set-variable]
   90 |     uint16_t currentRead = 0;
      |              ^~~~~~~~~~~
../Core/Src/main.c:83:14: warning: unused variable 'ctrlStatus' [-Wunused-variable]
   83 |     uint16_t ctrlStatus = 0;
      |              ^~~~~~~~~~
arm-none-eabi-gcc -o "Nucleo-Test-Ground-2.elf" @"objects.list"   -mcpu=cortex-m4 -T"C:\Farris' Files\School\Side Projects\Electric Scooter\custom-escooter\BMS PCB\Testing\STM32 Testing Ground\Nucleo-Test-Ground-2\STM32L412K8TX_FLASH.ld" --specs=nosys.specs -Wl,-Map="Nucleo-Test-Ground-2.map" -Wl,--gc-sections -static --specs=nano.specs -mfpu=fpv4-sp-d16 -mfloat-abi=hard -mthumb -Wl,--start-group -lc -lm -Wl,--end-group
Finished building target: Nucleo-Test-Ground-2.elf
 
arm-none-eabi-size  Nucleo-Test-Ground-2.elf 
arm-none-eabi-objdump -h -S Nucleo-Test-Ground-2.elf  > "Nucleo-Test-Ground-2.list"
   text	   data	    bss	    dec	    hex	filename
  31608	    100	   2244	  33952	   84a0	Nucleo-Test-Ground-2.elf
Finished building: default.size.stdout
 
Finished building: Nucleo-Test-Ground-2.list
 
19:36:32 **** Incremental Build of configuration Debug for project Nucleo-Test-Ground-2 ****
make -j16 all 
arm-none-eabi-size  Nucleo-Test-Ground-2.elf 
   text	   data	    bss	    dec	    hex	filename
  31608	    100	   2244	  33952	   84a0	Nucleo-Test-Ground-2.elf
Finished building: default.size.stdout
 
19:39:17 **** Incremental Build of configuration Debug for project Nucleo-Test-Ground-2 ****
make -j16 all 
arm-none-eabi-gcc "../Core/Src/main.c" -mcpu=cortex-m4 -std=gnu11 -g3 -DDEBUG -DUSE_HAL_DRIVER -DSTM32L412xx -c -I../Core/Inc -I../Drivers/STM32L4xx_HAL_Driver/Inc -I../Drivers/STM32L4xx_HAL_Driver/Inc/Legacy -I../Drivers/CMSIS/Device/ST/STM32L4xx/Include -I../Drivers/CMSIS/Include -O0 -ffunction-sections -fdata-sections -Wall -fstack-usage -fcyclomatic-complexity -MMD -MP -MF"Core/Src/main.d" -MT"Core/Src/main.o" --specs=nano.specs -mfpu=fpv4-sp-d16 -mfloat-abi=hard -mthumb -o "Core/Src/main.o"
../Core/Src/main.c: In function 'main':
../Core/Src/main.c:91:13: warning: variable 'fetStatus' set but not used [-Wunused-but-set-variable]
   91 |     uint8_t fetStatus = 0;
      |             ^~~~~~~~~
../Core/Src/main.c:90:14: warning: variable 'currentRead' set but not used [-Wunused-but-set-variable]
   90 |     uint16_t currentRead = 0;
      |              ^~~~~~~~~~~
../Core/Src/main.c:89:13: warning: variable 'temperatures' set but not used [-Wunused-but-set-variable]
   89 |     int16_t temperatures[4] = {0};
      |             ^~~~~~~~~~~~
../Core/Src/main.c:85:14: warning: variable 'cellVolts' set but not used [-Wunused-but-set-variable]
   85 |     uint16_t cellVolts[17] = {0};
      |              ^~~~~~~~~
../Core/Src/main.c:83:14: warning: unused variable 'ctrlStatus' [-Wunused-variable]
   83 |     uint16_t ctrlStatus = 0;
      |              ^~~~~~~~~~
arm-none-eabi-gcc -o "Nucleo-Test-Ground-2.elf" @"objects.list"   -mcpu=cortex-m4 -T"C:\Farris' Files\School\Side Projects\Electric Scooter\custom-escooter\BMS PCB\Testing\STM32 Testing Ground\Nucleo-Test-Ground-2\STM32L412K8TX_FLASH.ld" --specs=nosys.specs -Wl,-Map="Nucleo-Test-Ground-2.map" -Wl,--gc-sections -static --specs=nano.specs -mfpu=fpv4-sp-d16 -mfloat-abi=hard -mthumb -Wl,--start-group -lc -lm -Wl,--end-group
Finished building target: Nucleo-Test-Ground-2.elf
 
arm-none-eabi-size  Nucleo-Test-Ground-2.elf 
arm-none-eabi-objdump -h -S Nucleo-Test-Ground-2.elf  > "Nucleo-Test-Ground-2.list"
   text	   data	    bss	    dec	    hex	filename
  28368	    100	   2220	  30688	   77e0	Nucleo-Test-Ground-2.elf
Finished building: default.size.stdout
 
Finished building: Nucleo-Test-Ground-2.list
 
19:56:39 **** Incremental Build of configuration Debug for project Nucleo-Test-Ground-2 ****
make -j16 all 
arm-none-eabi-gcc "../Core/Src/main.c" -mcpu=cortex-m4 -std=gnu11 -g3 -DDEBUG -DUSE_HAL_DRIVER -DSTM32L412xx -c -I../Core/Inc -I../Drivers/STM32L4xx_HAL_Driver/Inc -I../Drivers/STM32L4xx_HAL_Driver/Inc/Legacy -I../Drivers/CMSIS/Device/ST/STM32L4xx/Include -I../Drivers/CMSIS/Include -O0 -ffunction-sections -fdata-sections -Wall -fstack-usage -fcyclomatic-complexity -MMD -MP -MF"Core/Src/main.d" -MT"Core/Src/main.o" --specs=nano.specs -mfpu=fpv4-sp-d16 -mfloat-abi=hard -mthumb -o "Core/Src/main.o"
../Core/Src/main.c: In function 'main':
../Core/Src/main.c:91:13: warning: variable 'fetStatus' set but not used [-Wunused-but-set-variable]
   91 |     uint8_t fetStatus = 0;
      |             ^~~~~~~~~
../Core/Src/main.c:90:14: warning: variable 'currentRead' set but not used [-Wunused-but-set-variable]
   90 |     uint16_t currentRead = 0;
      |              ^~~~~~~~~~~
../Core/Src/main.c:89:13: warning: variable 'temperatures' set but not used [-Wunused-but-set-variable]
   89 |     int16_t temperatures[4] = {0};
      |             ^~~~~~~~~~~~
../Core/Src/main.c:85:14: warning: variable 'cellVolts' set but not used [-Wunused-but-set-variable]
   85 |     uint16_t cellVolts[17] = {0};
      |              ^~~~~~~~~
../Core/Src/main.c:83:14: warning: unused variable 'ctrlStatus' [-Wunused-variable]
   83 |     uint16_t ctrlStatus = 0;
      |              ^~~~~~~~~~
arm-none-eabi-gcc -o "Nucleo-Test-Ground-2.elf" @"objects.list"   -mcpu=cortex-m4 -T"C:\Farris' Files\School\Side Projects\Electric Scooter\custom-escooter\BMS PCB\Testing\STM32 Testing Ground\Nucleo-Test-Ground-2\STM32L412K8TX_FLASH.ld" --specs=nosys.specs -Wl,-Map="Nucleo-Test-Ground-2.map" -Wl,--gc-sections -static --specs=nano.specs -mfpu=fpv4-sp-d16 -mfloat-abi=hard -mthumb -Wl,--start-group -lc -lm -Wl,--end-group
Finished building target: Nucleo-Test-Ground-2.elf
 
arm-none-eabi-size  Nucleo-Test-Ground-2.elf 
arm-none-eabi-objdump -h -S Nucleo-Test-Ground-2.elf  > "Nucleo-Test-Ground-2.list"
   text	   data	    bss	    dec	    hex	filename
  28384	    100	   2220	  30704	   77f0	Nucleo-Test-Ground-2.elf
Finished building: default.size.stdout
 
Finished building: Nucleo-Test-Ground-2.list
 
19:58:00 **** Incremental Build of configuration Debug for project Nucleo-Test-Ground-2 ****
make -j16 all 
arm-none-eabi-gcc "../Core/Src/main.c" -mcpu=cortex-m4 -std=gnu11 -g3 -DDEBUG -DUSE_HAL_DRIVER -DSTM32L412xx -c -I../Core/Inc -I../Drivers/STM32L4xx_HAL_Driver/Inc -I../Drivers/STM32L4xx_HAL_Driver/Inc/Legacy -I../Drivers/CMSIS/Device/ST/STM32L4xx/Include -I../Drivers/CMSIS/Include -O0 -ffunction-sections -fdata-sections -Wall -fstack-usage -fcyclomatic-complexity -MMD -MP -MF"Core/Src/main.d" -MT"Core/Src/main.o" --specs=nano.specs -mfpu=fpv4-sp-d16 -mfloat-abi=hard -mthumb -o "Core/Src/main.o"
../Core/Src/main.c: In function 'main':
../Core/Src/main.c:91:13: warning: variable 'fetStatus' set but not used [-Wunused-but-set-variable]
   91 |     uint8_t fetStatus = 0;
      |             ^~~~~~~~~
../Core/Src/main.c:90:14: warning: variable 'currentRead' set but not used [-Wunused-but-set-variable]
   90 |     uint16_t currentRead = 0;
      |              ^~~~~~~~~~~
../Core/Src/main.c:89:13: warning: variable 'temperatures' set but not used [-Wunused-but-set-variable]
   89 |     int16_t temperatures[4] = {0};
      |             ^~~~~~~~~~~~
../Core/Src/main.c:85:14: warning: variable 'cellVolts' set but not used [-Wunused-but-set-variable]
   85 |     uint16_t cellVolts[17] = {0};
      |              ^~~~~~~~~
../Core/Src/main.c:83:14: warning: unused variable 'ctrlStatus' [-Wunused-variable]
   83 |     uint16_t ctrlStatus = 0;
      |              ^~~~~~~~~~
arm-none-eabi-gcc -o "Nucleo-Test-Ground-2.elf" @"objects.list"   -mcpu=cortex-m4 -T"C:\Farris' Files\School\Side Projects\Electric Scooter\custom-escooter\BMS PCB\Testing\STM32 Testing Ground\Nucleo-Test-Ground-2\STM32L412K8TX_FLASH.ld" --specs=nosys.specs -Wl,-Map="Nucleo-Test-Ground-2.map" -Wl,--gc-sections -static --specs=nano.specs -mfpu=fpv4-sp-d16 -mfloat-abi=hard -mthumb -Wl,--start-group -lc -lm -Wl,--end-group
Finished building target: Nucleo-Test-Ground-2.elf
 
arm-none-eabi-size  Nucleo-Test-Ground-2.elf 
arm-none-eabi-objdump -h -S Nucleo-Test-Ground-2.elf  > "Nucleo-Test-Ground-2.list"
   text	   data	    bss	    dec	    hex	filename
  28392	    100	   2220	  30712	   77f8	Nucleo-Test-Ground-2.elf
Finished building: default.size.stdout
 
Finished building: Nucleo-Test-Ground-2.list
 
20:00:41 **** Incremental Build of configuration Debug for project Nucleo-Test-Ground-2 ****
make -j16 all 
arm-none-eabi-size  Nucleo-Test-Ground-2.elf 
   text	   data	    bss	    dec	    hex	filename
  28392	    100	   2220	  30712	   77f8	Nucleo-Test-Ground-2.elf
Finished building: default.size.stdout
 
20:01:14 **** Incremental Build of configuration Debug for project Nucleo-Test-Ground-2 ****
make -j16 all 
arm-none-eabi-size  Nucleo-Test-Ground-2.elf 
   text	   data	    bss	    dec	    hex	filename
  28392	    100	   2220	  30712	   77f8	Nucleo-Test-Ground-2.elf
Finished building: default.size.stdout
 
