../Drivers/CMSIS/Include/core_cm4.h:1679:22:__NVIC_EnableIRQ	2
../Drivers/CMSIS/Include/core_cm4.h:1809:22:__NVIC_SetPriority	2
../Core/Src/main.c:70:6:SystemClock_Config	4
../Core/Src/main.c:84:6:SPI_Init	1
../Core/Src/main.c:109:6:SPI_Select	1
../Core/Src/main.c:114:6:SPI_Deselect	1
../Core/Src/main.c:119:6:SPI_Transmit	3
../Core/Src/main.c:131:9:SPI_Receive	2
../Core/Src/main.c:140:9:SPI_CalculateCRC	4
../Core/Src/main.c:159:6:TIM1_Init	1
../Core/Src/main.c:174:6:TIM1_UP_TIM16_IRQHandler	3
../Core/Src/main.c:206:5:main	1
../Core/Src/main.c:311:13:MX_GPIO_Init	1
../Core/Src/main.c:344:6:Error_Handler	1
