../Drivers/CMSIS/Include/core_cm4.h:1679:22:__NVIC_EnableIRQ	16	static,ignoring_inline_asm
../Drivers/CMSIS/Include/core_cm4.h:1809:22:__NVIC_SetPriority	16	static
../Core/Src/main.c:20:6:SystemClock_Config	4	static
../Core/Src/main.c:34:6:SPI_Init	4	static
../Core/Src/main.c:59:6:SPI_Select	4	static
../Core/Src/main.c:64:6:SPI_Deselect	4	static
../Core/Src/main.c:69:6:SPI_Transmit	16	static
../Core/Src/main.c:81:9:SPI_Receive	4	static
../Core/Src/main.c:90:9:SPI_CalculateCRC	32	static
../Core/Src/main.c:109:6:TIM1_Init	8	static
../Core/Src/main.c:124:6:TIM1_UP_TIM16_IRQHandler	16	static
../Core/Src/main.c:151:5:main	8	static
