../Drivers/CMSIS/Include/core_cm4.h:1679:22:__NVIC_EnableIRQ	16	static,ignoring_inline_asm
../Drivers/CMSIS/Include/core_cm4.h:1809:22:__NVIC_SetPriority	16	static
../Core/Src/main.c:74:5:main	264	static
../Core/Src/main.c:270:6:SystemClock_Config	96	static
../Core/Src/main.c:298:6:GPIO_Init	40	static
../Core/Src/main.c:370:6:EXTI2_IRQHandler	4	static
../Core/Src/main.c:388:6:SPI1_Init	16	static
../Core/Src/main.c:416:6:USART1_Init	16	static
../Core/Src/main.c:440:6:TIM1_Init	8	static
../Core/Src/main.c:457:6:TIM2_Init	8	static
../Core/Src/main.c:474:6:TIM1_UP_TIM16_IRQHandler	4	static
../Core/Src/main.c:482:6:TIM2_IRQHandler	4	static
../Core/Src/main.c:493:6:ADC1_Init	40	static
../Core/Src/main.c:532:6:RTC_Init	32	static
../Core/Src/main.c:576:9:crc8	24	static
../Core/Src/main.c:598:6:DirectCmdRead	32	static
../Core/Src/main.c:626:6:DirectCmdWrite	32	static
../Core/Src/main.c:650:6:SubCmdNoData	40	static
../Core/Src/main.c:675:6:SubCmdReadData	48	static
../Core/Src/main.c:716:6:RAMRegisterRead	48	static
../Core/Src/main.c:757:6:RAMRegisterWrite	56	static
../Core/Src/main.c:822:6:RAMRegisterInit	40	static
../Core/Src/main.c:959:6:AFETransmitReadCmd	40	static
../Core/Src/main.c:991:6:AFETransmitWriteCmd	40	static
../Core/Src/main.c:1017:6:TransmitLogAndTimestamp	568	static
../Core/Src/main.c:1046:6:TransmitCellPackVoltages	1112	static
../Core/Src/main.c:1098:6:TransmitADCReadings	1088	static
../Core/Src/main.c:1117:6:TransmitCurrentReading	176	static
../Core/Src/main.c:1141:6:TransmitTemperatures	1096	static
../Core/Src/main.c:1186:6:TransmitSafetyStatusA	104	static
../Core/Src/main.c:1223:6:TransmitSafetyStatusB	104	static
../Core/Src/main.c:1269:6:EnterShutdown	48	static,ignoring_inline_asm
../Core/Src/main.c:1303:9:T4_Acquire	40	static
../Core/Src/main.c:1337:8:RTCToUnixTimestamp	56	static
../Core/Src/main.c:1358:6:GetDateTime	32	static
../Core/Src/main.c:1375:5:_gettimeofday	48	static
../Core/Src/main.c:1400:6:Error_Handler	4	static
../Core/Src/main.c:1409:6:HAL_GPIO_EXTI_Callback	32	static
