../Drivers/CMSIS/Include/core_cm4.h:1679:22:__NVIC_EnableIRQ	16	static,ignoring_inline_asm
../Drivers/CMSIS/Include/core_cm4.h:1809:22:__NVIC_SetPriority	16	static
../Core/Src/main.c:61:5:main	256	static
../Core/Src/main.c:245:6:SystemClock_Config	96	static
../Core/Src/main.c:273:6:GPIO_Init	40	static
../Core/Src/main.c:327:6:SPI1_Init	16	static
../Core/Src/main.c:355:6:USART1_Init	16	static
../Core/Src/main.c:379:6:TIM1_Init	8	static
../Core/Src/main.c:396:6:TIM1_UP_TIM16_IRQHandler	4	static
../Core/Src/main.c:404:6:ADC1_Init	40	static
../Core/Src/main.c:445:9:crc8	24	static
../Core/Src/main.c:467:6:DirectCmdRead	32	static
../Core/Src/main.c:495:6:DirectCmdWrite	32	static
../Core/Src/main.c:519:6:SubCmdNoData	40	static
../Core/Src/main.c:544:6:SubCmdReadData	48	static
../Core/Src/main.c:585:6:RAMRegisterRead	48	static
../Core/Src/main.c:627:6:RAMRegisterWrite	56	static
../Core/Src/main.c:695:6:AFETransmitReadCmd	40	static
../Core/Src/main.c:722:6:AFETransmitWriteCmd	40	static
../Core/Src/main.c:750:6:TransmitCellVoltages	1088	static
../Core/Src/main.c:765:6:TransmitADCReadings	1088	static
../Core/Src/main.c:780:6:TransmitTemperatures	1096	static
../Core/Src/main.c:811:6:TransmitSafetyStatusA	112	static
../Core/Src/main.c:848:6:TransmitSafetyStatusB	112	static
../Core/Src/main.c:891:9:T4_Acquire	40	static
../Core/Src/main.c:930:6:Error_Handler	4	static
../Core/Src/main.c:939:6:HAL_GPIO_EXTI_Callback	32	static
