../Drivers/CMSIS/Include/core_cm4.h:1679:22:__NVIC_EnableIRQ	16	static,ignoring_inline_asm
../Drivers/CMSIS/Include/core_cm4.h:1809:22:__NVIC_SetPriority	16	static
../Core/Src/main.c:48:5:main	200	static
../Core/Src/main.c:185:6:SystemClock_Config	96	static
../Core/Src/main.c:213:6:GPIO_Init	40	static
../Core/Src/main.c:262:6:SPI1_Init	16	static
../Core/Src/main.c:290:6:USART1_Init	16	static
../Core/Src/main.c:314:6:TIM1_Init	8	static
../Core/Src/main.c:331:6:TIM1_UP_TIM16_IRQHandler	4	static
../Core/Src/main.c:344:9:crc8	24	static
../Core/Src/main.c:366:6:DirectCmdRead	32	static
../Core/Src/main.c:394:6:DirectCmdWrite	32	static
../Core/Src/main.c:418:6:SubCmdNoData	40	static
../Core/Src/main.c:443:6:SubCmdReadData	48	static
../Core/Src/main.c:484:6:RAMRegisterRead	48	static
../Core/Src/main.c:526:6:RAMRegisterWrite	56	static
../Core/Src/main.c:594:6:AFETransmitReadCmd	40	static
../Core/Src/main.c:621:6:AFETransmitWriteCmd	40	static
../Core/Src/main.c:649:6:TransmitCellVoltages	1088	static
../Core/Src/main.c:668:6:TransmitSafetyStatusA	112	static
../Core/Src/main.c:705:6:TransmitSafetyStatusB	112	static
../Core/Src/main.c:752:6:Error_Handler	4	static
../Core/Src/main.c:761:6:HAL_GPIO_EXTI_Callback	32	static
