../Drivers/CMSIS/Include/core_cm4.h:1679:22:__NVIC_EnableIRQ	16	static,ignoring_inline_asm
../Drivers/CMSIS/Include/core_cm4.h:1809:22:__NVIC_SetPriority	16	static
../Core/Src/main.c:74:5:main	264	static
../Core/Src/main.c:270:6:SystemClock_Config	96	static
../Core/Src/main.c:298:6:GPIO_Init	40	static
../Core/Src/main.c:372:6:EXTI2_IRQHandler	4	static
../Core/Src/main.c:390:6:SPI1_Init	16	static
../Core/Src/main.c:418:6:USART1_Init	16	static
../Core/Src/main.c:442:6:TIM1_Init	8	static
../Core/Src/main.c:459:6:TIM2_Init	8	static
../Core/Src/main.c:476:6:TIM1_UP_TIM16_IRQHandler	4	static
../Core/Src/main.c:484:6:TIM2_IRQHandler	4	static
../Core/Src/main.c:495:6:ADC1_Init	40	static
../Core/Src/main.c:534:6:RTC_Init	32	static
../Core/Src/main.c:576:9:crc8	24	static
../Core/Src/main.c:594:6:DirectCmdRead	32	static
../Core/Src/main.c:621:6:DirectCmdWrite	32	static
../Core/Src/main.c:645:6:SubCmdNoData	40	static
../Core/Src/main.c:670:6:SubCmdReadData	48	static
../Core/Src/main.c:711:6:RAMRegisterRead	48	static
../Core/Src/main.c:752:6:RAMRegisterWrite	56	static
../Core/Src/main.c:816:6:RAMRegisterInit	40	static
../Core/Src/main.c:953:6:AFETransmitReadCmd	40	static
../Core/Src/main.c:983:6:AFETransmitWriteCmd	40	static
../Core/Src/main.c:1008:6:TransmitLogAndTimestamp	568	static
../Core/Src/main.c:1037:6:TransmitCellPackVoltages	1112	static
../Core/Src/main.c:1089:6:TransmitADCReadings	1088	static
../Core/Src/main.c:1108:6:TransmitCurrentReading	176	static
../Core/Src/main.c:1132:6:TransmitTemperatures	1096	static
../Core/Src/main.c:1177:6:TransmitSafetyStatusA	104	static
../Core/Src/main.c:1214:6:TransmitSafetyStatusB	104	static
../Core/Src/main.c:1260:6:EnterShutdown	48	static,ignoring_inline_asm
../Core/Src/main.c:1294:9:T4_Acquire	40	static
../Core/Src/main.c:1328:8:RTCToUnixTimestamp	56	static
../Core/Src/main.c:1349:6:GetDateTime	32	static
../Core/Src/main.c:1366:5:_gettimeofday	48	static
../Core/Src/main.c:1391:6:Error_Handler	4	static
../Core/Src/main.c:1401:6:HAL_GPIO_EXTI_Callback	32	static
