../Drivers/CMSIS/Include/core_cm4.h:1679:22:__NVIC_EnableIRQ	16	static,ignoring_inline_asm
../Drivers/CMSIS/Include/core_cm4.h:1809:22:__NVIC_SetPriority	16	static
../Core/Src/main.c:50:5:main	256	static
../Core/Src/main.c:228:6:SystemClock_Config	96	static
../Core/Src/main.c:256:6:GPIO_Init	40	static
../Core/Src/main.c:305:6:SPI1_Init	16	static
../Core/Src/main.c:333:6:USART1_Init	16	static
../Core/Src/main.c:357:6:TIM1_Init	8	static
../Core/Src/main.c:374:6:TIM1_UP_TIM16_IRQHandler	4	static
../Core/Src/main.c:387:9:crc8	24	static
../Core/Src/main.c:409:6:DirectCmdRead	32	static
../Core/Src/main.c:437:6:DirectCmdWrite	32	static
../Core/Src/main.c:461:6:SubCmdNoData	40	static
../Core/Src/main.c:486:6:SubCmdReadData	48	static
../Core/Src/main.c:527:6:RAMRegisterRead	48	static
../Core/Src/main.c:569:6:RAMRegisterWrite	56	static
../Core/Src/main.c:637:6:AFETransmitReadCmd	40	static
../Core/Src/main.c:664:6:AFETransmitWriteCmd	40	static
../Core/Src/main.c:692:6:TransmitCellVoltages	1088	static
../Core/Src/main.c:707:6:TransmitADCReadings	1088	static
../Core/Src/main.c:722:6:TransmitTemperatures	1096	static
../Core/Src/main.c:743:6:TransmitSafetyStatusA	112	static
../Core/Src/main.c:780:6:TransmitSafetyStatusB	112	static
../Core/Src/main.c:827:6:Error_Handler	4	static
../Core/Src/main.c:836:6:HAL_GPIO_EXTI_Callback	32	static
