../Drivers/CMSIS/Include/core_cm4.h:1679:22:__NVIC_EnableIRQ	16	static,ignoring_inline_asm
../Drivers/CMSIS/Include/core_cm4.h:1809:22:__NVIC_SetPriority	16	static
../Core/Src/main.c:61:5:main	248	static
../Core/Src/main.c:252:6:SystemClock_Config	96	static
../Core/Src/main.c:280:6:GPIO_Init	40	static
../Core/Src/main.c:334:6:SPI1_Init	16	static
../Core/Src/main.c:362:6:USART1_Init	16	static
../Core/Src/main.c:386:6:TIM1_Init	8	static
../Core/Src/main.c:403:6:TIM1_UP_TIM16_IRQHandler	4	static
../Core/Src/main.c:411:6:ADC1_Init	40	static
../Core/Src/main.c:452:9:crc8	24	static
../Core/Src/main.c:474:6:DirectCmdRead	32	static
../Core/Src/main.c:502:6:DirectCmdWrite	32	static
../Core/Src/main.c:526:6:SubCmdNoData	40	static
../Core/Src/main.c:551:6:SubCmdReadData	48	static
../Core/Src/main.c:592:6:RAMRegisterRead	48	static
../Core/Src/main.c:634:6:RAMRegisterWrite	56	static
../Core/Src/main.c:702:6:AFETransmitReadCmd	40	static
../Core/Src/main.c:729:6:AFETransmitWriteCmd	40	static
../Core/Src/main.c:757:6:TransmitCellVoltages	1088	static
../Core/Src/main.c:772:6:TransmitADCReadings	1088	static
../Core/Src/main.c:787:6:TransmitTemperatures	1096	static
../Core/Src/main.c:818:6:TransmitSafetyStatusA	112	static
../Core/Src/main.c:855:6:TransmitSafetyStatusB	112	static
../Core/Src/main.c:898:9:T4_Acquire	40	static
../Core/Src/main.c:936:6:Error_Handler	4	static
../Core/Src/main.c:945:6:HAL_GPIO_EXTI_Callback	32	static
