../Drivers/CMSIS/Include/core_cm4.h:1679:22:__NVIC_EnableIRQ	2
../Drivers/CMSIS/Include/core_cm4.h:1809:22:__NVIC_SetPriority	2
../Core/Src/main.c:74:5:main	16
../Core/Src/main.c:270:6:SystemClock_Config	1
../Core/Src/main.c:298:6:GPIO_Init	1
../Core/Src/main.c:372:6:EXTI2_IRQHandler	3
../Core/Src/main.c:390:6:SPI1_Init	2
../Core/Src/main.c:418:6:USART1_Init	2
../Core/Src/main.c:442:6:TIM1_Init	1
../Core/Src/main.c:459:6:TIM2_Init	1
../Core/Src/main.c:476:6:TIM1_UP_TIM16_IRQHandler	2
../Core/Src/main.c:484:6:TIM2_IRQHandler	2
../Core/Src/main.c:495:6:ADC1_Init	3
../Core/Src/main.c:534:6:RTC_Init	4
../Core/Src/main.c:576:9:crc8	4
../Core/Src/main.c:594:6:DirectCmdRead	2
../Core/Src/main.c:621:6:DirectCmdWrite	2
../Core/Src/main.c:645:6:SubCmdNoData	1
../Core/Src/main.c:670:6:SubCmdReadData	2
../Core/Src/main.c:711:6:RAMRegisterRead	2
../Core/Src/main.c:752:6:RAMRegisterWrite	3
../Core/Src/main.c:816:6:RAMRegisterInit	1
../Core/Src/main.c:953:6:AFETransmitReadCmd	4
../Core/Src/main.c:983:6:AFETransmitWriteCmd	4
../Core/Src/main.c:1008:6:TransmitLogAndTimestamp	1
../Core/Src/main.c:1037:6:TransmitCellPackVoltages	9
../Core/Src/main.c:1089:6:TransmitADCReadings	2
../Core/Src/main.c:1108:6:TransmitCurrentReading	2
../Core/Src/main.c:1132:6:TransmitTemperatures	5
../Core/Src/main.c:1177:6:TransmitSafetyStatusA	6
../Core/Src/main.c:1214:6:TransmitSafetyStatusB	8
../Core/Src/main.c:1260:6:EnterShutdown	1
../Core/Src/main.c:1294:9:T4_Acquire	3
../Core/Src/main.c:1328:8:RTCToUnixTimestamp	1
../Core/Src/main.c:1349:6:GetDateTime	1
../Core/Src/main.c:1366:5:_gettimeofday	4
../Core/Src/main.c:1391:6:Error_Handler	1
../Core/Src/main.c:1401:6:HAL_GPIO_EXTI_Callback	2
