../Drivers/CMSIS/Include/core_cm4.h:1679:22:__NVIC_EnableIRQ	16	static,ignoring_inline_asm
../Drivers/CMSIS/Include/core_cm4.h:1809:22:__NVIC_SetPriority	16	static
../Core/Src/main.c:71:5:main	256	static
../Core/Src/main.c:247:6:SystemClock_Config	96	static
../Core/Src/main.c:275:6:GPIO_Init	40	static
../Core/Src/main.c:329:6:SPI1_Init	16	static
../Core/Src/main.c:357:6:USART1_Init	16	static
../Core/Src/main.c:381:6:TIM1_Init	8	static
../Core/Src/main.c:398:6:TIM2_Init	8	static
../Core/Src/main.c:415:6:TIM1_UP_TIM16_IRQHandler	4	static
../Core/Src/main.c:423:6:TIM2_IRQHandler	4	static
../Core/Src/main.c:434:6:ADC1_Init	40	static
../Core/Src/main.c:473:6:RTC_Init	32	static
../Core/Src/main.c:516:9:crc8	24	static
../Core/Src/main.c:538:6:DirectCmdRead	32	static
../Core/Src/main.c:566:6:DirectCmdWrite	32	static
../Core/Src/main.c:590:6:SubCmdNoData	40	static
../Core/Src/main.c:615:6:SubCmdReadData	48	static
../Core/Src/main.c:656:6:RAMRegisterRead	48	static
../Core/Src/main.c:697:6:RAMRegisterWrite	56	static
../Core/Src/main.c:762:6:RAMRegisterInit	40	static
../Core/Src/main.c:896:6:AFETransmitReadCmd	40	static
../Core/Src/main.c:923:6:AFETransmitWriteCmd	40	static
../Core/Src/main.c:949:6:TransmitLogAndTimestamp	568	static
../Core/Src/main.c:978:6:TransmitCellVoltages	1096	static
../Core/Src/main.c:1016:6:TransmitADCReadings	1088	static
../Core/Src/main.c:1035:6:TransmitCurrentReading	176	static
../Core/Src/main.c:1059:6:TransmitTemperatures	1096	static
../Core/Src/main.c:1104:6:TransmitSafetyStatusA	104	static
../Core/Src/main.c:1141:6:TransmitSafetyStatusB	104	static
../Core/Src/main.c:1188:9:T4_Acquire	40	static
../Core/Src/main.c:1222:8:RTCToUnixTimestamp	56	static
../Core/Src/main.c:1243:6:GetDateTime	32	static
../Core/Src/main.c:1260:5:_gettimeofday	48	static
../Core/Src/main.c:1285:6:Error_Handler	4	static
../Core/Src/main.c:1294:6:HAL_GPIO_EXTI_Callback	32	static
