../Drivers/CMSIS/Include/core_cm4.h:1679:22:__NVIC_EnableIRQ	16	static,ignoring_inline_asm
../Drivers/CMSIS/Include/core_cm4.h:1809:22:__NVIC_SetPriority	16	static
../Core/Src/main.c:43:5:main	160	static
../Core/Src/main.c:161:6:SystemClock_Config	96	static
../Core/Src/main.c:186:6:GPIO_Init	40	static
../Core/Src/main.c:234:6:SPI1_Init	16	static
../Core/Src/main.c:259:6:USART1_Init	16	static
../Core/Src/main.c:280:6:TIM1_Init	8	static
../Core/Src/main.c:294:6:TIM1_UP_TIM16_IRQHandler	4	static
../Core/Src/main.c:303:9:crc8	24	static
../Core/Src/main.c:325:6:DirectCmdRead	32	static
../Core/Src/main.c:351:6:SubCmdNoData	40	static
../Core/Src/main.c:376:6:SubCmdReadData	48	static
../Core/Src/main.c:417:6:RAMRegisterRead	48	static
../Core/Src/main.c:459:6:RAMRegisterWrite	56	static
../Core/Src/main.c:521:6:AFETransmitReadCmd	40	static
../Core/Src/main.c:542:6:AFETransmitWriteCmd	40	static
../Core/Src/main.c:565:6:TransmitCellVoltages	1088	static
../Core/Src/main.c:580:6:UART_Transmit	16	static
../Core/Src/main.c:587:6:Error_Handler	4	static
../Core/Src/main.c:592:6:HAL_GPIO_EXTI_Callback	32	static
