../Core/Src/main.c:28:5:main	32	static
../Core/Src/main.c:47:6:initClocks	4	static
../Core/Src/main.c:52:6:configGPIO	4	static
../Core/Src/main.c:67:6:configSPI	4	static
../Core/Src/main.c:85:6:configTIM1	4	static
../Core/Src/main.c:92:6:configUART	8	static
../Core/Src/main.c:108:6:delay	16	static
../Core/Src/main.c:138:6:toggleLED	4	static
../Core/Src/main.c:142:9:readSPI	24	static
../Core/Src/main.c:161:9:writeSPI	24	static
../Core/Src/main.c:181:6:SPI1_Transmit	24	static
../Core/Src/main.c:203:6:SPI1_Receive	24	static
../Core/Src/main.c:221:6:UART_Transmit	16	static
../Core/Src/main.c:228:6:UART_Receive	16	static
../Core/Src/main.c:235:6:Error_Handler	4	static
