../Core/Src/main.c:28:5:main	1
../Core/Src/main.c:47:6:initClocks	1
../Core/Src/main.c:52:6:configGPIO	1
../Core/Src/main.c:67:6:configSPI	1
../Core/Src/main.c:85:6:configTIM1	1
../Core/Src/main.c:92:6:configUART	2
../Core/Src/main.c:108:6:delay	2
../Core/Src/main.c:138:6:toggleLED	1
../Core/Src/main.c:142:9:readSPI	3
../Core/Src/main.c:161:9:writeSPI	3
../Core/Src/main.c:181:6:SPI1_Transmit	4
../Core/Src/main.c:203:6:SPI1_Receive	4
../Core/Src/main.c:221:6:UART_Transmit	2
../Core/Src/main.c:228:6:UART_Receive	2
../Core/Src/main.c:235:6:Error_Handler	1
